  Determining projects to restore...
  All projects are up-to-date for restore.
  DependencyInjection.Lifetime.Analyzers -> /Users/georgewall/RiderProjects/DependencyInjection.Lifetime.Analyzers/src/DependencyInjection.Lifetime.Analyzers/bin/Debug/netstandard2.0/DependencyInjection.Lifetime.Analyzers.dll
  SampleApp -> /Users/georgewall/RiderProjects/DependencyInjection.Lifetime.Analyzers/samples/SampleApp/bin/Debug/net8.0/SampleApp.dll

Build succeeded.
    0 Warning(s)
    0 Error(s)

Time Elapsed 00:00:00.88
